Refreshing run status every 3 seconds. Press Ctrl+C to quit.

* main Publicar manual · 26692037323
Triggered via push less than a minute ago

JOBS
* build-deploy (ID 78670071606)
  ✓ Set up job
  ✓ Checkout
  ✓ Instalar Quarto
  * Renderizar e publicar no GitHub Pages
  * Post Checkout
Refreshing run status every 3 seconds. Press Ctrl+C to quit.

* main Publicar manual · 26692037323
Triggered via push less than a minute ago

JOBS
* build-deploy (ID 78670071606)
  ✓ Set up job
  ✓ Checkout
  ✓ Instalar Quarto
  * Renderizar e publicar no GitHub Pages
  * Post Checkout
Refreshing run status every 3 seconds. Press Ctrl+C to quit.

* main Publicar manual · 26692037323
Triggered via push less than a minute ago

JOBS
* build-deploy (ID 78670071606)
  ✓ Set up job
  ✓ Checkout
  ✓ Instalar Quarto
  * Renderizar e publicar no GitHub Pages
  * Post Checkout
Refreshing run status every 3 seconds. Press Ctrl+C to quit.

* main Publicar manual · 26692037323
Triggered via push about 1 minute ago

JOBS
* build-deploy (ID 78670071606)
  ✓ Set up job
  ✓ Checkout
  ✓ Instalar Quarto
  * Renderizar e publicar no GitHub Pages
  * Post Checkout
Refreshing run status every 3 seconds. Press Ctrl+C to quit.

* main Publicar manual · 26692037323
Triggered via push about 1 minute ago

JOBS
* build-deploy (ID 78670071606)
  ✓ Set up job
  ✓ Checkout
  ✓ Instalar Quarto
  * Renderizar e publicar no GitHub Pages
  * Post Checkout
Refreshing run status every 3 seconds. Press Ctrl+C to quit.

* main Publicar manual · 26692037323
Triggered via push about 1 minute ago

JOBS
* build-deploy (ID 78670071606)
  ✓ Set up job
  ✓ Checkout
  ✓ Instalar Quarto
  * Renderizar e publicar no GitHub Pages
  * Post Checkout
Refreshing run status every 3 seconds. Press Ctrl+C to quit.

* main Publicar manual · 26692037323
Triggered via push about 1 minute ago

JOBS
* build-deploy (ID 78670071606)
  ✓ Set up job
  ✓ Checkout
  ✓ Instalar Quarto
  * Renderizar e publicar no GitHub Pages
  * Post Checkout
Refreshing run status every 3 seconds. Press Ctrl+C to quit.

* main Publicar manual · 26692037323
Triggered via push about 1 minute ago

JOBS
* build-deploy (ID 78670071606)
  ✓ Set up job
  ✓ Checkout
  ✓ Instalar Quarto
  * Renderizar e publicar no GitHub Pages
  * Post Checkout
Refreshing run status every 3 seconds. Press Ctrl+C to quit.

* main Publicar manual · 26692037323
Triggered via push about 1 minute ago

JOBS
* build-deploy (ID 78670071606)
  ✓ Set up job
  ✓ Checkout
  ✓ Instalar Quarto
  * Renderizar e publicar no GitHub Pages
  * Post Checkout
Refreshing run status every 3 seconds. Press Ctrl+C to quit.

* main Publicar manual · 26692037323
Triggered via push about 1 minute ago

JOBS
* build-deploy (ID 78670071606)
  ✓ Set up job
  ✓ Checkout
  ✓ Instalar Quarto
  * Renderizar e publicar no GitHub Pages
  * Post Checkout
Refreshing run status every 3 seconds. Press Ctrl+C to quit.

* main Publicar manual · 26692037323
Triggered via push about 1 minute ago

JOBS
* build-deploy (ID 78670071606)
  ✓ Set up job
  ✓ Checkout
  ✓ Instalar Quarto
  * Renderizar e publicar no GitHub Pages
  * Post Checkout
Refreshing run status every 3 seconds. Press Ctrl+C to quit.

* main Publicar manual · 26692037323
Triggered via push about 1 minute ago

JOBS
* build-deploy (ID 78670071606)
  ✓ Set up job
  ✓ Checkout
  ✓ Instalar Quarto
  * Renderizar e publicar no GitHub Pages
  * Post Checkout
Refreshing run status every 3 seconds. Press Ctrl+C to quit.

* main Publicar manual · 26692037323
Triggered via push about 1 minute ago

JOBS
* build-deploy (ID 78670071606)
  ✓ Set up job
  ✓ Checkout
  ✓ Instalar Quarto
  * Renderizar e publicar no GitHub Pages
  * Post Checkout
Refreshing run status every 3 seconds. Press Ctrl+C to quit.

* main Publicar manual · 26692037323
Triggered via push about 1 minute ago

JOBS
* build-deploy (ID 78670071606)
  ✓ Set up job
  ✓ Checkout
  ✓ Instalar Quarto
  * Renderizar e publicar no GitHub Pages
  * Post Checkout
Refreshing run status every 3 seconds. Press Ctrl+C to quit.

* main Publicar manual · 26692037323
Triggered via push about 1 minute ago

JOBS
* build-deploy (ID 78670071606)
  ✓ Set up job
  ✓ Checkout
  ✓ Instalar Quarto
  * Renderizar e publicar no GitHub Pages
  * Post Checkout
Refreshing run status every 3 seconds. Press Ctrl+C to quit.

* main Publicar manual · 26692037323
Triggered via push about 1 minute ago

JOBS
* build-deploy (ID 78670071606)
  ✓ Set up job
  ✓ Checkout
  ✓ Instalar Quarto
  * Renderizar e publicar no GitHub Pages
  * Post Checkout
Refreshing run status every 3 seconds. Press Ctrl+C to quit.

* main Publicar manual · 26692037323
Triggered via push about 1 minute ago

JOBS
* build-deploy (ID 78670071606)
  ✓ Set up job
  ✓ Checkout
  ✓ Instalar Quarto
  * Renderizar e publicar no GitHub Pages
  * Post Checkout
Refreshing run status every 3 seconds. Press Ctrl+C to quit.

* main Publicar manual · 26692037323
Triggered via push about 2 minutes ago

JOBS
* build-deploy (ID 78670071606)
  ✓ Set up job
  ✓ Checkout
  ✓ Instalar Quarto
  * Renderizar e publicar no GitHub Pages
  * Post Checkout
Refreshing run status every 3 seconds. Press Ctrl+C to quit.

* main Publicar manual · 26692037323
Triggered via push about 2 minutes ago

JOBS
* build-deploy (ID 78670071606)
  ✓ Set up job
  ✓ Checkout
  ✓ Instalar Quarto
  * Renderizar e publicar no GitHub Pages
  * Post Checkout
Refreshing run status every 3 seconds. Press Ctrl+C to quit.

* main Publicar manual · 26692037323
Triggered via push about 2 minutes ago

JOBS
* build-deploy (ID 78670071606)
  ✓ Set up job
  ✓ Checkout
  ✓ Instalar Quarto
  * Renderizar e publicar no GitHub Pages
  * Post Checkout
Refreshing run status every 3 seconds. Press Ctrl+C to quit.

* main Publicar manual · 26692037323
Triggered via push about 2 minutes ago

JOBS
* build-deploy (ID 78670071606)
  ✓ Set up job
  ✓ Checkout
  ✓ Instalar Quarto
  * Renderizar e publicar no GitHub Pages
  * Post Checkout
Refreshing run status every 3 seconds. Press Ctrl+C to quit.

* main Publicar manual · 26692037323
Triggered via push about 2 minutes ago

JOBS
* build-deploy (ID 78670071606)
  ✓ Set up job
  ✓ Checkout
  ✓ Instalar Quarto
  * Renderizar e publicar no GitHub Pages
  * Post Checkout
Refreshing run status every 3 seconds. Press Ctrl+C to quit.

* main Publicar manual · 26692037323
Triggered via push about 2 minutes ago

JOBS
* build-deploy (ID 78670071606)
  ✓ Set up job
  ✓ Checkout
  ✓ Instalar Quarto
  * Renderizar e publicar no GitHub Pages
  * Post Checkout
Refreshing run status every 3 seconds. Press Ctrl+C to quit.

* main Publicar manual · 26692037323
Triggered via push about 2 minutes ago

JOBS
* build-deploy (ID 78670071606)
  ✓ Set up job
  ✓ Checkout
  ✓ Instalar Quarto
  * Renderizar e publicar no GitHub Pages
  * Post Checkout
Refreshing run status every 3 seconds. Press Ctrl+C to quit.

* main Publicar manual · 26692037323
Triggered via push about 2 minutes ago

JOBS
* build-deploy (ID 78670071606)
  ✓ Set up job
  ✓ Checkout
  ✓ Instalar Quarto
  * Renderizar e publicar no GitHub Pages
  * Post Checkout
Refreshing run status every 3 seconds. Press Ctrl+C to quit.

* main Publicar manual · 26692037323
Triggered via push about 2 minutes ago

JOBS
* build-deploy (ID 78670071606)
  ✓ Set up job
  ✓ Checkout
  ✓ Instalar Quarto
  * Renderizar e publicar no GitHub Pages
  * Post Checkout
Refreshing run status every 3 seconds. Press Ctrl+C to quit.

* main Publicar manual · 26692037323
Triggered via push about 2 minutes ago

JOBS
* build-deploy (ID 78670071606)
  ✓ Set up job
  ✓ Checkout
  ✓ Instalar Quarto
  * Renderizar e publicar no GitHub Pages
  * Post Checkout
Refreshing run status every 3 seconds. Press Ctrl+C to quit.

* main Publicar manual · 26692037323
Triggered via push about 2 minutes ago

JOBS
* build-deploy (ID 78670071606)
  ✓ Set up job
  ✓ Checkout
  ✓ Instalar Quarto
  * Renderizar e publicar no GitHub Pages
  * Post Checkout
Refreshing run status every 3 seconds. Press Ctrl+C to quit.

* main Publicar manual · 26692037323
Triggered via push about 2 minutes ago

JOBS
* build-deploy (ID 78670071606)
  ✓ Set up job
  ✓ Checkout
  ✓ Instalar Quarto
  * Renderizar e publicar no GitHub Pages
  * Post Checkout
Refreshing run status every 3 seconds. Press Ctrl+C to quit.

* main Publicar manual · 26692037323
Triggered via push about 2 minutes ago

JOBS
* build-deploy (ID 78670071606)
  ✓ Set up job
  ✓ Checkout
  ✓ Instalar Quarto
  * Renderizar e publicar no GitHub Pages
  * Post Checkout
Refreshing run status every 3 seconds. Press Ctrl+C to quit.

* main Publicar manual · 26692037323
Triggered via push about 2 minutes ago

JOBS
* build-deploy (ID 78670071606)
  ✓ Set up job
  ✓ Checkout
  ✓ Instalar Quarto
  * Renderizar e publicar no GitHub Pages
  * Post Checkout
Refreshing run status every 3 seconds. Press Ctrl+C to quit.

* main Publicar manual · 26692037323
Triggered via push about 2 minutes ago

JOBS
* build-deploy (ID 78670071606)
  ✓ Set up job
  ✓ Checkout
  ✓ Instalar Quarto
  * Renderizar e publicar no GitHub Pages
  * Post Checkout
Refreshing run status every 3 seconds. Press Ctrl+C to quit.

* main Publicar manual · 26692037323
Triggered via push about 3 minutes ago

JOBS
* build-deploy (ID 78670071606)
  ✓ Set up job
  ✓ Checkout
  ✓ Instalar Quarto
  * Renderizar e publicar no GitHub Pages
  * Post Checkout
Refreshing run status every 3 seconds. Press Ctrl+C to quit.

* main Publicar manual · 26692037323
Triggered via push about 3 minutes ago

JOBS
* build-deploy (ID 78670071606)
  ✓ Set up job
  ✓ Checkout
  ✓ Instalar Quarto
  * Renderizar e publicar no GitHub Pages
  * Post Checkout
Refreshing run status every 3 seconds. Press Ctrl+C to quit.

* main Publicar manual · 26692037323
Triggered via push about 3 minutes ago

JOBS
* build-deploy (ID 78670071606)
  ✓ Set up job
  ✓ Checkout
  ✓ Instalar Quarto
  * Renderizar e publicar no GitHub Pages
  * Post Checkout
Refreshing run status every 3 seconds. Press Ctrl+C to quit.

* main Publicar manual · 26692037323
Triggered via push about 3 minutes ago

JOBS
* build-deploy (ID 78670071606)
  ✓ Set up job
  ✓ Checkout
  ✓ Instalar Quarto
  * Renderizar e publicar no GitHub Pages
  * Post Checkout
Refreshing run status every 3 seconds. Press Ctrl+C to quit.

* main Publicar manual · 26692037323
Triggered via push about 3 minutes ago

JOBS
* build-deploy (ID 78670071606)
  ✓ Set up job
  ✓ Checkout
  ✓ Instalar Quarto
  * Renderizar e publicar no GitHub Pages
  * Post Checkout
Refreshing run status every 3 seconds. Press Ctrl+C to quit.

* main Publicar manual · 26692037323
Triggered via push about 3 minutes ago

JOBS
* build-deploy (ID 78670071606)
  ✓ Set up job
  ✓ Checkout
  ✓ Instalar Quarto
  * Renderizar e publicar no GitHub Pages
  * Post Checkout
Refreshing run status every 3 seconds. Press Ctrl+C to quit.

* main Publicar manual · 26692037323
Triggered via push about 3 minutes ago

JOBS
* build-deploy (ID 78670071606)
  ✓ Set up job
  ✓ Checkout
  ✓ Instalar Quarto
  * Renderizar e publicar no GitHub Pages
  * Post Checkout
Refreshing run status every 3 seconds. Press Ctrl+C to quit.

* main Publicar manual · 26692037323
Triggered via push about 3 minutes ago

JOBS
* build-deploy (ID 78670071606)
  ✓ Set up job
  ✓ Checkout
  ✓ Instalar Quarto
  * Renderizar e publicar no GitHub Pages
  * Post Checkout
Refreshing run status every 3 seconds. Press Ctrl+C to quit.

* main Publicar manual · 26692037323
Triggered via push about 3 minutes ago

JOBS
* build-deploy (ID 78670071606)
  ✓ Set up job
  ✓ Checkout
  ✓ Instalar Quarto
  * Renderizar e publicar no GitHub Pages
  * Post Checkout
Refreshing run status every 3 seconds. Press Ctrl+C to quit.

* main Publicar manual · 26692037323
Triggered via push about 3 minutes ago

JOBS
* build-deploy (ID 78670071606)
  ✓ Set up job
  ✓ Checkout
  ✓ Instalar Quarto
  * Renderizar e publicar no GitHub Pages
  * Post Checkout
Refreshing run status every 3 seconds. Press Ctrl+C to quit.

* main Publicar manual · 26692037323
Triggered via push about 3 minutes ago

JOBS
* build-deploy (ID 78670071606)
  ✓ Set up job
  ✓ Checkout
  ✓ Instalar Quarto
  * Renderizar e publicar no GitHub Pages
  * Post Checkout
Refreshing run status every 3 seconds. Press Ctrl+C to quit.

* main Publicar manual · 26692037323
Triggered via push about 3 minutes ago

JOBS
* build-deploy (ID 78670071606)
  ✓ Set up job
  ✓ Checkout
  ✓ Instalar Quarto
  * Renderizar e publicar no GitHub Pages
  * Post Checkout
Refreshing run status every 3 seconds. Press Ctrl+C to quit.

* main Publicar manual · 26692037323
Triggered via push about 3 minutes ago

JOBS
* build-deploy (ID 78670071606)
  ✓ Set up job
  ✓ Checkout
  ✓ Instalar Quarto
  * Renderizar e publicar no GitHub Pages
  * Post Checkout
Refreshing run status every 3 seconds. Press Ctrl+C to quit.

* main Publicar manual · 26692037323
Triggered via push about 3 minutes ago

JOBS
* build-deploy (ID 78670071606)
  ✓ Set up job
  ✓ Checkout
  ✓ Instalar Quarto
  * Renderizar e publicar no GitHub Pages
  * Post Checkout
Refreshing run status every 3 seconds. Press Ctrl+C to quit.

* main Publicar manual · 26692037323
Triggered via push about 4 minutes ago

JOBS
* build-deploy (ID 78670071606)
  ✓ Set up job
  ✓ Checkout
  ✓ Instalar Quarto
  * Renderizar e publicar no GitHub Pages
  * Post Checkout
Refreshing run status every 3 seconds. Press Ctrl+C to quit.

* main Publicar manual · 26692037323
Triggered via push about 4 minutes ago

JOBS
* build-deploy (ID 78670071606)
  ✓ Set up job
  ✓ Checkout
  ✓ Instalar Quarto
  * Renderizar e publicar no GitHub Pages
  * Post Checkout
Refreshing run status every 3 seconds. Press Ctrl+C to quit.

* main Publicar manual · 26692037323
Triggered via push about 4 minutes ago

JOBS
* build-deploy (ID 78670071606)
  ✓ Set up job
  ✓ Checkout
  ✓ Instalar Quarto
  * Renderizar e publicar no GitHub Pages
  * Post Checkout
Refreshing run status every 3 seconds. Press Ctrl+C to quit.

* main Publicar manual · 26692037323
Triggered via push about 4 minutes ago

JOBS
* build-deploy (ID 78670071606)
  ✓ Set up job
  ✓ Checkout
  ✓ Instalar Quarto
  * Renderizar e publicar no GitHub Pages
  * Post Checkout
Refreshing run status every 3 seconds. Press Ctrl+C to quit.

* main Publicar manual · 26692037323
Triggered via push about 4 minutes ago

JOBS
* build-deploy (ID 78670071606)
  ✓ Set up job
  ✓ Checkout
  ✓ Instalar Quarto
  * Renderizar e publicar no GitHub Pages
  * Post Checkout
Refreshing run status every 3 seconds. Press Ctrl+C to quit.

* main Publicar manual · 26692037323
Triggered via push about 4 minutes ago

JOBS
* build-deploy (ID 78670071606)
  ✓ Set up job
  ✓ Checkout
  ✓ Instalar Quarto
  * Renderizar e publicar no GitHub Pages
  * Post Checkout
Refreshing run status every 3 seconds. Press Ctrl+C to quit.

* main Publicar manual · 26692037323
Triggered via push about 4 minutes ago

JOBS
* build-deploy (ID 78670071606)
  ✓ Set up job
  ✓ Checkout
  ✓ Instalar Quarto
  * Renderizar e publicar no GitHub Pages
  * Post Checkout
Refreshing run status every 3 seconds. Press Ctrl+C to quit.

* main Publicar manual · 26692037323
Triggered via push about 4 minutes ago

JOBS
* build-deploy (ID 78670071606)
  ✓ Set up job
  ✓ Checkout
  ✓ Instalar Quarto
  * Renderizar e publicar no GitHub Pages
  * Post Checkout
Refreshing run status every 3 seconds. Press Ctrl+C to quit.

* main Publicar manual · 26692037323
Triggered via push about 4 minutes ago

JOBS
* build-deploy (ID 78670071606)
  ✓ Set up job
  ✓ Checkout
  ✓ Instalar Quarto
  * Renderizar e publicar no GitHub Pages
  * Post Checkout
Refreshing run status every 3 seconds. Press Ctrl+C to quit.

* main Publicar manual · 26692037323
Triggered via push about 4 minutes ago

JOBS
* build-deploy (ID 78670071606)
  ✓ Set up job
  ✓ Checkout
  ✓ Instalar Quarto
  * Renderizar e publicar no GitHub Pages
  * Post Checkout
Refreshing run status every 3 seconds. Press Ctrl+C to quit.

* main Publicar manual · 26692037323
Triggered via push about 4 minutes ago

JOBS
* build-deploy (ID 78670071606)
  ✓ Set up job
  ✓ Checkout
  ✓ Instalar Quarto
  * Renderizar e publicar no GitHub Pages
  * Post Checkout
Refreshing run status every 3 seconds. Press Ctrl+C to quit.

* main Publicar manual · 26692037323
Triggered via push about 4 minutes ago

JOBS
* build-deploy (ID 78670071606)
  ✓ Set up job
  ✓ Checkout
  ✓ Instalar Quarto
  * Renderizar e publicar no GitHub Pages
  * Post Checkout
Refreshing run status every 3 seconds. Press Ctrl+C to quit.

* main Publicar manual · 26692037323
Triggered via push about 4 minutes ago

JOBS
* build-deploy (ID 78670071606)
  ✓ Set up job
  ✓ Checkout
  ✓ Instalar Quarto
  * Renderizar e publicar no GitHub Pages
  * Post Checkout
Refreshing run status every 3 seconds. Press Ctrl+C to quit.

* main Publicar manual · 26692037323
Triggered via push about 4 minutes ago

JOBS
* build-deploy (ID 78670071606)
  ✓ Set up job
  ✓ Checkout
  ✓ Instalar Quarto
  * Renderizar e publicar no GitHub Pages
  * Post Checkout
Refreshing run status every 3 seconds. Press Ctrl+C to quit.

* main Publicar manual · 26692037323
Triggered via push about 4 minutes ago

JOBS
* build-deploy (ID 78670071606)
  ✓ Set up job
  ✓ Checkout
  ✓ Instalar Quarto
  * Renderizar e publicar no GitHub Pages
  * Post Checkout
Refreshing run status every 3 seconds. Press Ctrl+C to quit.

* main Publicar manual · 26692037323
Triggered via push about 5 minutes ago

JOBS
* build-deploy (ID 78670071606)
  ✓ Set up job
  ✓ Checkout
  ✓ Instalar Quarto
  * Renderizar e publicar no GitHub Pages
  * Post Checkout
Refreshing run status every 3 seconds. Press Ctrl+C to quit.

* main Publicar manual · 26692037323
Triggered via push about 5 minutes ago

JOBS
* build-deploy (ID 78670071606)
  ✓ Set up job
  ✓ Checkout
  ✓ Instalar Quarto
  * Renderizar e publicar no GitHub Pages
  * Post Checkout
Refreshing run status every 3 seconds. Press Ctrl+C to quit.

* main Publicar manual · 26692037323
Triggered via push about 5 minutes ago

JOBS
* build-deploy (ID 78670071606)
  ✓ Set up job
  ✓ Checkout
  ✓ Instalar Quarto
  * Renderizar e publicar no GitHub Pages
  * Post Checkout
Refreshing run status every 3 seconds. Press Ctrl+C to quit.

* main Publicar manual · 26692037323
Triggered via push about 5 minutes ago

JOBS
* build-deploy (ID 78670071606)
  ✓ Set up job
  ✓ Checkout
  ✓ Instalar Quarto
  * Renderizar e publicar no GitHub Pages
  * Post Checkout
Refreshing run status every 3 seconds. Press Ctrl+C to quit.

* main Publicar manual · 26692037323
Triggered via push about 5 minutes ago

JOBS
* build-deploy (ID 78670071606)
  ✓ Set up job
  ✓ Checkout
  ✓ Instalar Quarto
  * Renderizar e publicar no GitHub Pages
  * Post Checkout
Refreshing run status every 3 seconds. Press Ctrl+C to quit.

* main Publicar manual · 26692037323
Triggered via push about 5 minutes ago

JOBS
* build-deploy (ID 78670071606)
  ✓ Set up job
  ✓ Checkout
  ✓ Instalar Quarto
  * Renderizar e publicar no GitHub Pages
  * Post Checkout
Refreshing run status every 3 seconds. Press Ctrl+C to quit.

* main Publicar manual · 26692037323
Triggered via push about 5 minutes ago

JOBS
* build-deploy (ID 78670071606)
  ✓ Set up job
  ✓ Checkout
  ✓ Instalar Quarto
  * Renderizar e publicar no GitHub Pages
  * Post Checkout
Refreshing run status every 3 seconds. Press Ctrl+C to quit.

* main Publicar manual · 26692037323
Triggered via push about 5 minutes ago

JOBS
* build-deploy (ID 78670071606)
  ✓ Set up job
  ✓ Checkout
  ✓ Instalar Quarto
  * Renderizar e publicar no GitHub Pages
  * Post Checkout
Refreshing run status every 3 seconds. Press Ctrl+C to quit.

* main Publicar manual · 26692037323
Triggered via push about 5 minutes ago

JOBS
* build-deploy (ID 78670071606)
  ✓ Set up job
  ✓ Checkout
  ✓ Instalar Quarto
  * Renderizar e publicar no GitHub Pages
  * Post Checkout
Refreshing run status every 3 seconds. Press Ctrl+C to quit.

* main Publicar manual · 26692037323
Triggered via push about 5 minutes ago

JOBS
* build-deploy (ID 78670071606)
  ✓ Set up job
  ✓ Checkout
  ✓ Instalar Quarto
  * Renderizar e publicar no GitHub Pages
  * Post Checkout
Refreshing run status every 3 seconds. Press Ctrl+C to quit.

* main Publicar manual · 26692037323
Triggered via push about 5 minutes ago

JOBS
* build-deploy (ID 78670071606)
  ✓ Set up job
  ✓ Checkout
  ✓ Instalar Quarto
  * Renderizar e publicar no GitHub Pages
  * Post Checkout
Refreshing run status every 3 seconds. Press Ctrl+C to quit.

* main Publicar manual · 26692037323
Triggered via push about 5 minutes ago

JOBS
* build-deploy (ID 78670071606)
  ✓ Set up job
  ✓ Checkout
  ✓ Instalar Quarto
  * Renderizar e publicar no GitHub Pages
  * Post Checkout
Refreshing run status every 3 seconds. Press Ctrl+C to quit.

* main Publicar manual · 26692037323
Triggered via push about 5 minutes ago

JOBS
* build-deploy (ID 78670071606)
  ✓ Set up job
  ✓ Checkout
  ✓ Instalar Quarto
  * Renderizar e publicar no GitHub Pages
  * Post Checkout
Refreshing run status every 3 seconds. Press Ctrl+C to quit.

* main Publicar manual · 26692037323
Triggered via push about 5 minutes ago

JOBS
* build-deploy (ID 78670071606)
  ✓ Set up job
  ✓ Checkout
  ✓ Instalar Quarto
  * Renderizar e publicar no GitHub Pages
  * Post Checkout
Refreshing run status every 3 seconds. Press Ctrl+C to quit.

* main Publicar manual · 26692037323
Triggered via push about 6 minutes ago

JOBS
* build-deploy (ID 78670071606)
  ✓ Set up job
  ✓ Checkout
  ✓ Instalar Quarto
  * Renderizar e publicar no GitHub Pages
  * Post Checkout
Refreshing run status every 3 seconds. Press Ctrl+C to quit.

* main Publicar manual · 26692037323
Triggered via push about 6 minutes ago

JOBS
* build-deploy (ID 78670071606)
  ✓ Set up job
  ✓ Checkout
  ✓ Instalar Quarto
  * Renderizar e publicar no GitHub Pages
  * Post Checkout
Refreshing run status every 3 seconds. Press Ctrl+C to quit.

* main Publicar manual · 26692037323
Triggered via push about 6 minutes ago

JOBS
* build-deploy (ID 78670071606)
  ✓ Set up job
  ✓ Checkout
  ✓ Instalar Quarto
  * Renderizar e publicar no GitHub Pages
  * Post Checkout
Refreshing run status every 3 seconds. Press Ctrl+C to quit.

* main Publicar manual · 26692037323
Triggered via push about 6 minutes ago

JOBS
* build-deploy (ID 78670071606)
  ✓ Set up job
  ✓ Checkout
  ✓ Instalar Quarto
  * Renderizar e publicar no GitHub Pages
  * Post Checkout
Refreshing run status every 3 seconds. Press Ctrl+C to quit.

* main Publicar manual · 26692037323
Triggered via push about 6 minutes ago

JOBS
* build-deploy (ID 78670071606)
  ✓ Set up job
  ✓ Checkout
  ✓ Instalar Quarto
  * Renderizar e publicar no GitHub Pages
  * Post Checkout
Refreshing run status every 3 seconds. Press Ctrl+C to quit.

* main Publicar manual · 26692037323
Triggered via push about 6 minutes ago

JOBS
* build-deploy (ID 78670071606)
  ✓ Set up job
  ✓ Checkout
  ✓ Instalar Quarto
  * Renderizar e publicar no GitHub Pages
  * Post Checkout
Refreshing run status every 3 seconds. Press Ctrl+C to quit.

* main Publicar manual · 26692037323
Triggered via push about 6 minutes ago

JOBS
* build-deploy (ID 78670071606)
  ✓ Set up job
  ✓ Checkout
  ✓ Instalar Quarto
  * Renderizar e publicar no GitHub Pages
  * Post Checkout
Refreshing run status every 3 seconds. Press Ctrl+C to quit.

* main Publicar manual · 26692037323
Triggered via push about 6 minutes ago

JOBS
* build-deploy (ID 78670071606)
  ✓ Set up job
  ✓ Checkout
  ✓ Instalar Quarto
  * Renderizar e publicar no GitHub Pages
  * Post Checkout
Refreshing run status every 3 seconds. Press Ctrl+C to quit.

* main Publicar manual · 26692037323
Triggered via push about 6 minutes ago

JOBS
* build-deploy (ID 78670071606)
  ✓ Set up job
  ✓ Checkout
  ✓ Instalar Quarto
  * Renderizar e publicar no GitHub Pages
  * Post Checkout
Refreshing run status every 3 seconds. Press Ctrl+C to quit.

* main Publicar manual · 26692037323
Triggered via push about 6 minutes ago

JOBS
* build-deploy (ID 78670071606)
  ✓ Set up job
  ✓ Checkout
  ✓ Instalar Quarto
  * Renderizar e publicar no GitHub Pages
  * Post Checkout
Refreshing run status every 3 seconds. Press Ctrl+C to quit.

* main Publicar manual · 26692037323
Triggered via push about 6 minutes ago

JOBS
* build-deploy (ID 78670071606)
  ✓ Set up job
  ✓ Checkout
  ✓ Instalar Quarto
  * Renderizar e publicar no GitHub Pages
  * Post Checkout
Refreshing run status every 3 seconds. Press Ctrl+C to quit.

* main Publicar manual · 26692037323
Triggered via push about 6 minutes ago

JOBS
* build-deploy (ID 78670071606)
  ✓ Set up job
  ✓ Checkout
  ✓ Instalar Quarto
  * Renderizar e publicar no GitHub Pages
  * Post Checkout
Refreshing run status every 3 seconds. Press Ctrl+C to quit.

* main Publicar manual · 26692037323
Triggered via push about 6 minutes ago

JOBS
* build-deploy (ID 78670071606)
  ✓ Set up job
  ✓ Checkout
  ✓ Instalar Quarto
  * Renderizar e publicar no GitHub Pages
  * Post Checkout
Refreshing run status every 3 seconds. Press Ctrl+C to quit.

* main Publicar manual · 26692037323
Triggered via push about 6 minutes ago

JOBS
* build-deploy (ID 78670071606)
  ✓ Set up job
  ✓ Checkout
  ✓ Instalar Quarto
  * Renderizar e publicar no GitHub Pages
  * Post Checkout
Refreshing run status every 3 seconds. Press Ctrl+C to quit.

* main Publicar manual · 26692037323
Triggered via push about 6 minutes ago

JOBS
* build-deploy (ID 78670071606)
  ✓ Set up job
  ✓ Checkout
  ✓ Instalar Quarto
  * Renderizar e publicar no GitHub Pages
  * Post Checkout
Refreshing run status every 3 seconds. Press Ctrl+C to quit.

* main Publicar manual · 26692037323
Triggered via push about 7 minutes ago

JOBS
* build-deploy (ID 78670071606)
  ✓ Set up job
  ✓ Checkout
  ✓ Instalar Quarto
  * Renderizar e publicar no GitHub Pages
  * Post Checkout
Refreshing run status every 3 seconds. Press Ctrl+C to quit.

* main Publicar manual · 26692037323
Triggered via push about 7 minutes ago

JOBS
* build-deploy (ID 78670071606)
  ✓ Set up job
  ✓ Checkout
  ✓ Instalar Quarto
  * Renderizar e publicar no GitHub Pages
  * Post Checkout
X main Publicar manual · 26692037323
Triggered via push about 7 minutes ago

JOBS
X build-deploy in 7m4s (ID 78670071606)
  ✓ Set up job
  ✓ Checkout
  ✓ Instalar Quarto
  X Renderizar e publicar no GitHub Pages
  ✓ Post Checkout
  ✓ Complete job

ANNOTATIONS
X The run was canceled by @VitorMattosDev.
build-deploy: .github#1

! Node.js 20 actions are deprecated. The following actions are running on Node.js 20 and may not work as expected: actions/checkout@v4. Actions will be forced to run with Node.js 24 by default starting June 16th, 2026. Node.js 20 will be removed from the runner on September 16th, 2026. Please check if updated versions of these actions are available that support Node.js 24. To opt into Node.js 24 now, set the FORCE_JAVASCRIPT_ACTIONS_TO_NODE24=true environment variable on the runner or in your workflow file. Once Node.js 24 becomes the default, you can temporarily opt out by setting ACTIONS_ALLOW_USE_UNSECURE_NODE_VERSION=true. For more information see: https://github.blog/changelog/2025-09-19-deprecation-of-node-20-on-github-actions-runners/
build-deploy: .github#7

X The operation was canceled.
build-deploy: .github#48

WATCHEXIT=1
